DEBUG tests/messages_tests.c:37: ----- RUNNING: ./tests/messages_tests
DEBUG tests/messages_tests.c:32: 
----- test_send_receive
DEBUG tests/messages_tests.c:33: 
----- test_invalid_id
DEBUG tests/messages_tests.c:37: ----- RUNNING: ./tests/messages_tests
DEBUG tests/messages_tests.c:32: 
----- test_send_receive
DEBUG tests/messages_tests.c:33: 
----- test_invalid_id
DEBUG tests/messages_tests.c:37: ----- RUNNING: ./tests/messages_tests
DEBUG tests/messages_tests.c:32: 
----- test_send_receive
DEBUG tests/messages_tests.c:33: 
----- test_invalid_id
DEBUG tests/messages_tests.c:37: ----- RUNNING: ./tests/messages_tests
DEBUG tests/messages_tests.c:32: 
----- test_send_receive
DEBUG tests/messages_tests.c:37: ----- RUNNING: ./tests/messages_tests
DEBUG tests/messages_tests.c:32: 
----- test_send_receive
DEBUG tests/messages_tests.c:37: ----- RUNNING: ./tests/messages_tests
DEBUG tests/messages_tests.c:32: 
----- test_send_receive
DEBUG tests/messages_tests.c:37: ----- RUNNING: ./tests/messages_tests
DEBUG tests/messages_tests.c:32: 
----- test_send_receive
DEBUG tests/messages_tests.c:33: 
----- test_invalid_id
DEBUG tests/messages_tests.c:37: ----- RUNNING: ./tests/messages_tests
DEBUG tests/messages_tests.c:32: 
----- test_send_receive
DEBUG tests/messages_tests.c:33: 
----- test_invalid_id
DEBUG tests/messages_tests.c:37: ----- RUNNING: ./tests/messages_tests
DEBUG tests/messages_tests.c:32: 
----- test_send_receive
DEBUG tests/messages_tests.c:33: 
----- test_invalid_id
DEBUG tests/messages_tests.c:37: ----- RUNNING: ./tests/messages_tests
DEBUG tests/messages_tests.c:32: 
----- test_send_receive
DEBUG tests/messages_tests.c:33: 
----- test_invalid_id
DEBUG tests/messages_tests.c:37: ----- RUNNING: ./tests/messages_tests
DEBUG tests/messages_tests.c:32: 
----- test_send_receive
DEBUG tests/messages_tests.c:33: 
----- test_invalid_id
DEBUG tests/messages_tests.c:42: ----- RUNNING: ./tests/messages_tests
DEBUG tests/messages_tests.c:37: 
----- test_send_receive
DEBUG tests/messages_tests.c:38: 
----- test_invalid_id
DEBUG tests/messages_tests.c:42: ----- RUNNING: ./tests/messages_tests
DEBUG tests/messages_tests.c:37: 
----- test_send_receive
DEBUG tests/messages_tests.c:38: 
----- test_invalid_id
